../Core/Src/main.c:92:5:main	8	static
../Core/Src/main.c:177:6:SystemClock_Config	72	static
../Core/Src/main.c:216:13:MX_USART2_UART_Init	8	static
../Core/Src/main.c:251:13:MX_GPIO_Init	48	static
../Core/Src/main.c:291:6:display	16	static
../Core/Src/main.c:306:6:StartDefaultTask	24	static
../Core/Src/main.c:333:6:StartGreenTask	24	static
../Core/Src/main.c:357:6:StartYellowTask	24	static
../Core/Src/main.c:382:6:HAL_TIM_PeriodElapsedCallback	16	static
../Core/Src/main.c:399:6:Error_Handler	4	static,ignoring_inline_asm
