../Core/Src/main.c:96:5:main	8	static
../Core/Src/main.c:185:6:SystemClock_Config	72	static
../Core/Src/main.c:224:13:MX_USART2_UART_Init	8	static
../Core/Src/main.c:259:13:MX_GPIO_Init	48	static
../Core/Src/main.c:300:6:display	16	static
../Core/Src/main.c:305:6:display_num	32	static
../Core/Src/main.c:322:6:StartDefaultTask	24	static
../Core/Src/main.c:359:6:StartGreenTask	24	static
../Core/Src/main.c:391:6:StartYellowTask	24	static
../Core/Src/main.c:416:6:HAL_TIM_PeriodElapsedCallback	16	static
../Core/Src/main.c:433:6:Error_Handler	4	static,ignoring_inline_asm
